docker compose --env-file .env -f migration/docker-compose.yml run --rm --no-deps --entrypoint python runner -u migration/verify.py
 Container payflow-migration-runner-run-c2e0a220d7f7 Creating 
 Container payflow-migration-runner-run-c2e0a220d7f7 Created 
PASS: non-boolean target values cannot be hidden by checksum normalization
PASS: runner cannot read production credentials or private key directories
PASS: routed application statement reads the preserved post-cutover payment
PASS: new target ID follows migrated sequence
PASS: post-cutover retry is idempotent
PASS: post-cutover exact four-place amount
PASS: payment has exactly two immutable ledger records
PASS: locked definer lifecycle audit trigger retained
PASS: application cannot bypass payment procedures
PASS: currency nets to zero
PASS: no negative customer balance
PASS: wallet equals ledger
PASS: every transaction balanced
PASS: completed payments have ledger
PASS: no missing reversal
PASS: retry after rollback and remigration retains the original transaction ID
PASS: PostgreSQL plaintext rejected
PASS: PostgreSQL wrong server identity rejected
PASS: MySQL plaintext rejected
PASS: MySQL wrong server identity rejected
PASS: orphan wallet rejected by retained foreign keys
PASS: malformed JSON rejected by native target type
VALIDATED: currencies: 1 rows, SHA256 485cf88d08a288bfb6472c19ad81de933ccad754c493dc21c858dc7ba5f842d2
VALIDATED: countries: 1 rows, SHA256 8caf07bf26461f52d88d3ae95d0baafef158c7364c290b15c914ee15fa428d67
VALIDATED: customers: 20,001 rows, SHA256 7c228bc6cbfefaeaea88ea4689899edafbd384f585cfa374cefe5ba6a33a7121
VALIDATED: wallets: 20,001 rows, SHA256 a70b8d1e0d3f535ac95781f176be5c4ee2063a34505c5a776f2dcee99c3e4172
VALIDATED: transactions: 220,001 rows, SHA256 7115482c99aa08c1e9299537687a755cc0bad5cc363a255fd0575d7d1e54fe00
VALIDATED: ledger_entries: 440,002 rows, SHA256 1a6f3442a878ff7e30a26117da831d47fdb788defe2af81293b59777c90a2c48
VALIDATED: customer_preferences: 20,000 rows, SHA256 cfde5c5af5fd6d6c42a70ffa892699251ea06544d4931ea1e3e5eec83fb73806
PASS: source write rejected by revoked write permissions
PASS: final seven-table hashes, Unicode, microsecond UTC, exact decimals, encrypted target and source fencing
