2026-10-06T07:41:26Z FIRING   warning  MySQLRestarted primary - MySQL on primary restarted 1m 36s ago (crash or OOM?)
2026-10-06T07:41:26Z FIRING   warning  MySQLRestarted replica1 - MySQL on replica1 restarted 1m 33s ago (crash or OOM?)
2026-10-06T07:41:26Z FIRING   warning  MySQLRestarted replica2 - MySQL on replica2 restarted 1m 41s ago (crash or OOM?)
2026-10-06T07:42:00Z FIRING   critical MySQLDown mysql - MySQL on mysql is unreachable
2026-10-06T07:45:22Z RESOLVED warning  MySQLRestarted replica2 - MySQL on replica2 restarted 4m 53s ago (crash or OOM?)
2026-10-06T07:45:22Z RESOLVED warning  MySQLRestarted replica1 - MySQL on replica1 restarted 4m 59s ago (crash or OOM?)
2026-10-06T07:45:22Z RESOLVED warning  MySQLRestarted primary - MySQL on primary restarted 4m 47s ago (crash or OOM?)
2026-10-06T07:46:12Z FIRING   warning  ReplicationLagHigh replica1 - replica1 is 104s behind its source
2026-10-06T07:53:05Z RESOLVED warning  ReplicationLagHigh replica1 - replica1 is 91s behind its source
2026-10-06T07:54:44Z FIRING   warning  ReplicationLagHigh replica1 - replica1 is 90s behind its source
2026-10-06T08:01:39Z RESOLVED warning  ReplicationLagHigh replica1 - replica1 is 75s behind its source
2026-10-06T08:01:57Z FIRING   critical ReplicationStopped replica2 - Replication thread stopped on replica2
2026-10-06T08:02:56Z RESOLVED critical ReplicationStopped replica2 - Replication thread stopped on replica2
2026-10-06T11:03:36Z RESOLVED critical MySQLDown mysql - MySQL on mysql is unreachable
2026-10-06T11:06:45Z FIRING   critical MySQLDown mysql - MySQL on mysql is unreachable
2026-10-06T12:53:56Z RESOLVED critical MySQLDown mysql - MySQL on mysql is unreachable
2026-10-06T13:09:56Z FIRING   critical MySQLDown mysql - MySQL on mysql is unreachable
2026-10-06T13:56:02Z RESOLVED critical MySQLDown mysql - MySQL on mysql is unreachable
2026-10-06T14:14:22Z FIRING   critical MySQLDown mysql - MySQL on mysql is unreachable
2026-10-06T16:41:58Z RESOLVED critical MySQLDown mysql - MySQL on mysql is unreachable
2026-10-06T17:13:39Z FIRING   critical MySQLDown mysql - MySQL on mysql is unreachable
2026-10-06T18:11:48Z RESOLVED critical MySQLDown mysql - MySQL on mysql is unreachable
2026-10-07T03:39:12Z FIRING   critical BackupFailed full - Last full backup FAILED
2026-10-07T03:39:12Z FIRING   critical BackupFailed logical - Last logical backup FAILED
2026-10-07T04:53:50Z RESOLVED critical BackupFailed full - Last full backup FAILED
2026-10-07T04:53:50Z RESOLVED critical BackupFailed logical - Last logical backup FAILED
2026-10-07T04:54:05Z FIRING   critical BackupFailed full - Last full backup FAILED
2026-10-07T04:54:05Z FIRING   critical BackupFailed logical - Last logical backup FAILED
2026-10-07T04:54:27Z FIRING   critical MySQLDown mysql - MySQL on mysql is unreachable
2026-10-07T06:37:03Z RESOLVED critical BackupFailed full - Last full backup FAILED
2026-10-07T06:37:03Z RESOLVED critical BackupFailed logical - Last logical backup FAILED
2026-10-07T06:37:17Z FIRING   critical BackupFailed full - Last full backup FAILED
2026-10-07T06:37:17Z FIRING   critical BackupFailed logical - Last logical backup FAILED
2026-10-07T06:37:26Z RESOLVED critical MySQLDown mysql - MySQL on mysql is unreachable
2026-10-07T06:37:39Z FIRING   critical MySQLDown mysql - MySQL on mysql is unreachable
2026-10-07T06:59:16Z RESOLVED critical BackupFailed full - Last full backup FAILED
2026-10-07T06:59:16Z RESOLVED critical BackupFailed logical - Last logical backup FAILED
2026-10-07T06:59:38Z RESOLVED critical MySQLDown mysql - MySQL on mysql is unreachable
2026-10-07T07:00:08Z FIRING   critical MySQLDown mysql - MySQL on mysql is unreachable
2026-10-07T07:00:16Z FIRING   critical BackupFailed full - Last full backup FAILED
2026-10-07T07:00:16Z FIRING   critical BackupFailed logical - Last logical backup FAILED
2026-10-07T07:39:24Z RESOLVED critical MySQLDown mysql - MySQL on mysql is unreachable
2026-10-07T07:39:31Z RESOLVED critical BackupFailed full - Last full backup FAILED
2026-10-07T07:39:31Z RESOLVED critical BackupFailed logical - Last logical backup FAILED
2026-10-07T07:40:09Z FIRING   critical BackupFailed full - Last full backup FAILED
2026-10-07T07:40:16Z FIRING   critical MySQLDown mysql - MySQL on mysql is unreachable
2026-10-07T07:41:08Z FIRING   critical BackupFailed full - Last full backup FAILED
2026-10-07T07:41:08Z FIRING   critical BackupFailed logical - Last logical backup FAILED
2026-10-07T09:45:20Z RESOLVED critical MySQLDown mysql - MySQL on mysql is unreachable
2026-10-07T09:45:34Z FIRING   critical MySQLDown mysql - MySQL on mysql is unreachable
2026-10-07T10:49:36Z RESOLVED critical MySQLDown mysql - MySQL on mysql is unreachable
2026-10-07T10:50:19Z FIRING   critical MySQLDown mysql - MySQL on mysql is unreachable
2026-10-07T11:42:03Z FIRING   critical BackupFailed full - Last full backup FAILED
2026-10-07T11:42:03Z FIRING   critical BackupFailed logical - Last logical backup FAILED
2026-10-07T11:57:24Z RESOLVED critical MySQLDown mysql - MySQL on mysql is unreachable
2026-10-07T11:58:08Z FIRING   critical MySQLDown mysql - MySQL on mysql is unreachable
2026-10-07T12:41:09Z RESOLVED critical BackupFailed full - Last full backup FAILED
2026-10-07T12:41:09Z RESOLVED critical BackupFailed logical - Last logical backup FAILED
2026-10-07T12:45:11Z FIRING   critical BackupFailed full - Last full backup FAILED
2026-10-07T12:45:11Z FIRING   critical BackupFailed logical - Last logical backup FAILED
2026-10-07T13:48:59Z RESOLVED critical MySQLDown mysql - MySQL on mysql is unreachable
2026-10-07T14:17:50Z RESOLVED critical BackupFailed full - Last full backup FAILED
2026-10-07T14:17:50Z RESOLVED critical BackupFailed logical - Last logical backup FAILED
2026-10-07T14:22:51Z FIRING   critical BackupFailed full - Last full backup FAILED
2026-10-07T14:22:51Z FIRING   critical BackupFailed logical - Last logical backup FAILED
2026-10-07T16:38:28Z RESOLVED critical BackupFailed full - Last full backup FAILED
2026-10-07T16:38:28Z RESOLVED critical BackupFailed logical - Last logical backup FAILED
2026-10-07T16:54:41Z FIRING   critical BackupFailed full - Last full backup FAILED
2026-10-07T16:54:41Z FIRING   critical BackupFailed logical - Last logical backup FAILED
2026-10-07T19:49:29Z FIRING   critical MySQLDown mysql - MySQL on mysql is unreachable
2026-10-07T21:57:28Z RESOLVED critical MySQLDown mysql - MySQL on mysql is unreachable
2026-10-07T22:30:00Z RESOLVED critical BackupFailed full - Last full backup FAILED
2026-10-07T22:30:00Z RESOLVED critical BackupFailed logical - Last logical backup FAILED
2026-10-07T23:03:59Z FIRING   critical BackupFailed full - Last full backup FAILED
2026-10-07T23:03:59Z FIRING   critical BackupFailed logical - Last logical backup FAILED
2026-10-08T04:06:36Z RESOLVED critical BackupFailed full - Last full backup FAILED
2026-10-08T04:06:36Z RESOLVED critical BackupFailed logical - Last logical backup FAILED
2026-10-08T04:49:11Z FIRING   critical BackupFailed full - Last full backup FAILED
2026-10-08T04:49:11Z FIRING   critical BackupFailed logical - Last logical backup FAILED
2026-10-08T05:08:54Z FIRING   critical MySQLDown mysql - MySQL on mysql is unreachable
2026-10-08T05:44:57Z RESOLVED critical BackupFailed full - Last full backup FAILED
2026-10-08T05:44:57Z RESOLVED critical BackupFailed logical - Last logical backup FAILED
2026-10-08T05:45:11Z FIRING   critical BackupFailed full - Last full backup FAILED
2026-10-08T05:45:11Z FIRING   critical BackupFailed logical - Last logical backup FAILED
2026-10-08T05:45:33Z RESOLVED critical MySQLDown mysql - MySQL on mysql is unreachable
2026-10-08T05:45:49Z FIRING   critical MySQLDown mysql - MySQL on mysql is unreachable
2026-10-08T08:04:40Z RESOLVED critical MySQLDown mysql - MySQL on mysql is unreachable
2026-10-08T08:05:08Z FIRING   critical MySQLDown mysql - MySQL on mysql is unreachable
2026-10-08T09:43:11Z RESOLVED critical BackupFailed full - Last full backup FAILED
2026-10-08T09:43:11Z RESOLVED critical BackupFailed logical - Last logical backup FAILED
2026-10-08T09:43:16Z RESOLVED critical MySQLDown mysql - MySQL on mysql is unreachable
2026-10-08T09:43:23Z FIRING   critical BackupFailed full - Last full backup FAILED
2026-10-08T09:43:23Z FIRING   critical BackupFailed logical - Last logical backup FAILED
2026-10-08T09:44:00Z FIRING   critical MySQLDown mysql - MySQL on mysql is unreachable
2026-10-08T09:54:39Z RESOLVED critical MySQLDown mysql - MySQL on mysql is unreachable
2026-10-08T10:53:30Z RESOLVED critical BackupFailed full - Last full backup FAILED
2026-10-08T10:53:30Z RESOLVED critical BackupFailed logical - Last logical backup FAILED
2026-10-08T10:53:52Z FIRING   critical MySQLDown mysql - MySQL on mysql is unreachable
2026-10-08T10:54:29Z FIRING   critical BackupFailed full - Last full backup FAILED
2026-10-08T10:54:29Z FIRING   critical BackupFailed logical - Last logical backup FAILED
2026-10-08T11:26:12Z FIRING   warning  MySQLRestarted mysql - MySQL on mysql restarted 12s ago (crash or OOM?)
2026-10-08T11:26:27Z FIRING   critical MySQLDown replica2 - MySQL on replica2 is unreachable
2026-10-08T11:26:27Z FIRING   critical MySQLDown replica1 - MySQL on replica1 is unreachable
2026-10-08T11:26:27Z FIRING   critical MySQLDown primary - MySQL on primary is unreachable
2026-10-08T11:26:27Z RESOLVED critical MySQLDown mysql - MySQL on mysql is unreachable
2026-10-08T11:31:38Z FIRING   critical MySQLDown mysql - MySQL on mysql is unreachable
2026-10-08T11:32:37Z RESOLVED critical MySQLDown mysql - MySQL on mysql is unreachable
2026-10-08T11:34:00Z RESOLVED critical BackupFailed full - Last full backup FAILED
2026-10-08T11:34:00Z FIRING   critical BackupFailed logical - Last logical backup FAILED
2026-10-08T11:34:06Z RESOLVED warning  MySQLRestarted mysql - MySQL on mysql restarted 1m 30s ago (crash or OOM?)
2026-10-08T11:34:21Z RESOLVED critical MySQLDown replica1 - MySQL on replica1 is unreachable
2026-10-08T11:34:21Z RESOLVED critical MySQLDown primary - MySQL on primary is unreachable
2026-10-08T11:34:31Z FIRING   warning  MySQLRestarted mysql - MySQL on mysql restarted 5s ago (crash or OOM?)
2026-10-08T11:34:36Z FIRING   critical MySQLDown primary - MySQL on primary is unreachable
2026-10-08T11:34:36Z FIRING   critical MySQLDown replica1 - MySQL on replica1 is unreachable
2026-10-08T11:35:30Z RESOLVED warning  MySQLRestarted mysql - MySQL on mysql restarted 49s ago (crash or OOM?)
2026-10-08T11:35:50Z FIRING   critical MySQLDown mysql - MySQL on mysql is unreachable
2026-10-08T11:36:14Z FIRING   warning  MySQLRestarted mysql - MySQL on mysql restarted 1s ago (crash or OOM?)
2026-10-08T11:36:49Z RESOLVED critical MySQLDown mysql - MySQL on mysql is unreachable
2026-10-08T11:41:52Z FIRING   critical BackupFailed full - Last full backup FAILED
2026-10-08T11:41:52Z FIRING   critical BackupFailed logical - Last logical backup FAILED
2026-10-08T11:43:08Z RESOLVED warning  MySQLRestarted mysql - MySQL on mysql restarted 4m 51s ago (crash or OOM?)
2026-10-08T11:43:50Z RESOLVED critical BackupFailed full - Last full backup FAILED
2026-10-08T11:43:50Z FIRING   critical BackupFailed logical - Last logical backup FAILED
2026-10-08T11:44:41Z FIRING   critical MySQLDown mysql - MySQL on mysql is unreachable
2026-10-08T11:45:11Z FIRING   warning  MySQLRestarted mysql - MySQL on mysql restarted 15s ago (crash or OOM?)
2026-10-08T11:45:40Z RESOLVED critical MySQLDown mysql - MySQL on mysql is unreachable
2026-10-08T11:47:46Z RESOLVED critical BackupFailed logical - Last logical backup FAILED
